==================================================================
== sbnd   tier 1   file: /home/xqian/toolkit-dev/wcp-porting-img/pdhd/scripts/retire/tier1_sbnd_20260906.txt
   lines 24 | present 24 | already gone 0 | .42 GiB
   DRY RUN -- first 3 targets:
      /home/xqian/toolkit-dev/wcp-porting-img/sbnd/sbnd_xin/work-mcp1k-d145cont
      /home/xqian/toolkit-dev/wcp-porting-img/sbnd/sbnd_xin/work-mcp2k-d144fix2
      /home/xqian/toolkit-dev/wcp-porting-img/sbnd/sbnd_xin/work-mcp2k-d144fixchk
==================================================================
== pdvd   tier 1   file: /home/xqian/toolkit-dev/wcp-porting-img/pdhd/scripts/retire/tier1_pdvd_20260906.txt
   lines 39 | present 39 | already gone 0 | .27 GiB
   DRY RUN -- first 3 targets:
      /home/xqian/toolkit-dev/wcp-porting-img/pdvd/work/039252_0_d05cfg
      /home/xqian/toolkit-dev/wcp-porting-img/pdvd/work/039252_2_d03legnew
      /home/xqian/toolkit-dev/wcp-porting-img/pdvd/work/039252_2_d03legnew10
==================================================================
== pdhd   tier 1   file: /home/xqian/toolkit-dev/wcp-porting-img/pdhd/scripts/retire/tier1_pdhd_20260906.txt
   lines 34 | present 34 | already gone 0 | .20 GiB
   DRY RUN -- first 3 targets:
      /home/xqian/toolkit-dev/wcp-porting-img/pdhd/work/029107_0_d03legnew
      /home/xqian/toolkit-dev/wcp-porting-img/pdhd/work/029107_0_d03legnew0
      /home/xqian/toolkit-dev/wcp-porting-img/pdhd/work/029107_0_d03legnew10

POST-STATE CHECK.  interlock 4 recorded the PRE-existing broken-symlink
count per tree; this number only means something compared against that.
   pdhd: 0 broken symlinks
   pdvd: 0 broken symlinks
   sbnd/sbnd_xin: 0 broken symlinks

DRY RUN.  Re-run with CONFIRM=yes to execute.
